#
# There is insufficient memory for the Java Runtime Environment to continue.
# Native memory allocation (mmap) failed to map 98566144 bytes. Error detail: G1 virtual space
# Possible reasons:
#   The system is out of physical RAM or swap space
#   This process is running with CompressedOops enabled, and the Java Heap may be blocking the growth of the native heap
# Possible solutions:
#   Reduce memory load on the system
#   Increase physical memory or swap space
#   Check if swap backing store is full
#   Decrease Java heap size (-Xmx/-Xms)
#   Decrease number of Java threads
#   Decrease Java thread stack sizes (-Xss)
#   Set larger code cache with -XX:ReservedCodeCacheSize=
#   JVM is running with Unscaled Compressed Oops mode in which the Java heap is
#     placed in the first 4GB address space. The Java Heap base address is the
#     maximum limit for the native heap growth. Please use -XX:HeapBaseMinAddress
#     to set the Java Heap base and to place the Java Heap above 4GB virtual address.
# This output file may be truncated or incomplete.
#
#  Out of Memory Error (os_windows.cpp:3554), pid=21892, tid=19644
#
# JRE version:  (25.0.1+8) (build )
# Java VM: Java HotSpot(TM) 64-Bit Server VM (25.0.1+8-LTS-27, mixed mode, sharing, tiered, compressed oops, compressed class ptrs, g1 gc, windows-amd64)
# No core dump will be written. Minidumps are not enabled by default on client versions of Windows
#

---------------  S U M M A R Y ------------

Command Line: -javaagent:C:\Program Files\JetBrains\IntelliJ IDEA 2025.2.5\lib\idea_rt.jar=54173 -Dfile.encoding=UTF-8 -Dsun.stdout.encoding=UTF-8 -Dsun.stderr.encoding=UTF-8 Main

Host: AMD Ryzen 5 7520U with Radeon Graphics         , 8 cores, 5G,  Windows 11 , 64 bit Build 26100 (10.0.26100.9168)
Time: Wed Sep  9 15:20:53 2026 elapsed time: 0.716904 seconds (0d 0h 0m 0s)

---------------  T H R E A D  ---------------

Current thread (0x000001c535ed38e0):  JavaThread "Unknown thread" [_thread_in_vm, id=19644, stack(0x000000c358200000,0x000000c358300000) (1024K)]

Stack: [0x000000c358200000,0x000000c358300000]
Native frames: (J=compiled Java code, j=interpreted, Vv=VM code, C=native code)
V  [jvm.dll+0x7a6b59]  (no source info available)
V  [jvm.dll+0x77290d]  (no source info available)
V  [jvm.dll+0x966153]  (no source info available)
V  [jvm.dll+0x968751]  (no source info available)
V  [jvm.dll+0x968e53]  (no source info available)
V  [jvm.dll+0x2fc756]  (no source info available)
V  [jvm.dll+0x7a2d85]  (no source info available)
V  [jvm.dll+0x796197]  (no source info available)
V  [jvm.dll+0x3f4698]  (no source info available)
V  [jvm.dll+0x3fc5b6]  (no source info available)
V  [jvm.dll+0x3e8c8e]  (no source info available)
V  [jvm.dll+0x3e8f48]  (no source info available)
V  [jvm.dll+0x3c0045]  (no source info available)
V  [jvm.dll+0x3c0cce]  (no source info available)
V  [jvm.dll+0x92c837]  (no source info available)
V  [jvm.dll+0x458bc2]  (no source info available)
V  [jvm.dll+0x9101e2]  (no source info available)
V  [jvm.dll+0x4f9061]  (no source info available)
V  [jvm.dll+0x4fa8f1]  (no source info available)
C  [jli.dll+0x543e]  (no source info available)
C  [ucrtbase.dll+0x2cd30]  (no source info available)
C  [KERNEL32.DLL+0x2ccb7]  (no source info available)
C  [ntdll.dll+0xaad6c]  (no source info available)

Lock stack of current Java thread (top to bottom):


---------------  P R O C E S S  ---------------

Threads class SMR info:
_java_thread_list=0x00007ffd34385308, length=0, elements={
}

Java Threads: ( => current thread )
Total: 0

Other Threads:
  0x000001c538204b20 WorkerThread "GC Thread#0"                     [id=8400, stack(0x000000c358300000,0x000000c358400000) (1024K)]
  0x000001c5382182a0 ConcurrentGCThread "G1 Main Marker"            [id=22472, stack(0x000000c358400000,0x000000c358500000) (1024K)]
  0x000001c53821a250 WorkerThread "G1 Conc#0"                       [id=21612, stack(0x000000c358500000,0x000000c358600000) (1024K)]

[error occurred during error reporting (printing all threads), id 0xc0000005, EXCEPTION_ACCESS_VIOLATION (0xc0000005) at pc=0x00007ffd33a64c2a]
VM state: not at safepoint (not fully initialized)

VM Mutex/Monitor currently owned by a thread:  ([mutex/lock_event])
[0x00007ffd34409668] Heap_lock - owner thread: 0x000001c535ed38e0

Heap address: 0x00000000a2c00000, size: 1492 MB, Compressed Oops mode: 32-bit

CDS archive(s) mapped at: [0x0000000000000000-0x0000000000000000-0x0000000000000000), size 0, SharedBaseAddress: 0x0000000800000000, ArchiveRelocationMode: 1.
UseCompressedClassPointers 1, UseCompactObjectHeaders 0
Narrow klass pointer bits 32, Max shift 3
Narrow klass base: 0xffffffffffffffff, Narrow klass shift: -1
Encoding Range: [0xffffffffffffffff - 0x000000007fffffff), (2147483648 bytes)
Klass Range:    [0x0000000000000000 - 0x0000000000000000), (0 bytes)
Klass ID Range:  [4294967295 - 0) (1)
No protection zone.

GC Precious Log:
 CardTable entry size: 512
 Card Set container configuration: InlinePtr #cards 5 size 8 Array Of Cards #cards 10 size 36 Howl #buckets 4 coarsen threshold 1843 Howl Bitmap #cards 512 size 80 coarsen threshold 460 Card regions per heap region 1 cards per card region 2048

Heap:
 garbage-first heap   total reserved 1527808K, committed 0K, used 0K [0x00000000a2c00000, 0x0000000100000000)
  region size 1024K, 0 young (0K), 0 survivors (0K)

Heap Regions: E=young(eden), S=young(survivor), O=old, HS=humongous(starts), HC=humongous(continues), CS=collection set, F=free, TAMS=top-at-mark-start, PB=parsable bottom

Card table byte_map: [0x000001c550170000,0x000001c550460000] _byte_map_base: 0x000001c54fc5a000

Marking Bits: (CMBitMap*) 0x000001c5382052b0
 Bits: [0x000001c550460000, 0x000001c551bb0000)

GC Heap Usage History (0 events):
No events

Metaspace Usage History (0 events):
No events

Dll operation events (1 events):
Event: 0.617 Loaded shared library C:\Program Files\Java\jdk-25\bin\java.dll

Deoptimization events (0 events):
No events

Classes loaded (0 events):
No events

Classes unloaded (0 events):
No events

Classes redefined (0 events):
No events

Internal exceptions (0 events):
No events

VM Operations (0 events):
No events

Memory protections (0 events):
No events

Nmethod flushes (0 events):
No events

Events (0 events):
No events


Dynamic libraries:
0x00007ff634070000 - 0x00007ff634080000 	C:\Program Files\Java\jdk-25\bin\java.exe
0x00007ffddd7c0000 - 0x00007ffddda26000 	C:\WINDOWS\SYSTEM32\ntdll.dll
0x00007ffddca30000 - 0x00007ffddcaf9000 	C:\WINDOWS\System32\KERNEL32.DLL
0x00007ffddabf0000 - 0x00007ffddafef000 	C:\WINDOWS\System32\KERNELBASE.dll
0x00007ffddaa90000 - 0x00007ffddabdc000 	C:\WINDOWS\System32\ucrtbase.dll
0x00007ffd93680000 - 0x00007ffd93697000 	C:\Program Files\Java\jdk-25\bin\jli.dll
0x00007ffddbaf0000 - 0x00007ffddbcb6000 	C:\WINDOWS\System32\USER32.dll
0x00007ffddb410000 - 0x00007ffddb437000 	C:\WINDOWS\System32\win32u.dll
0x00007ffddd680000 - 0x00007ffddd6ab000 	C:\WINDOWS\System32\GDI32.dll
0x00007ffddb190000 - 0x00007ffddb2b9000 	C:\WINDOWS\System32\gdi32full.dll
0x00007ffddb440000 - 0x00007ffddb4e3000 	C:\WINDOWS\System32\msvcp_win.dll
0x00007ffd933a0000 - 0x00007ffd933be000 	C:\Program Files\Java\jdk-25\bin\VCRUNTIME140.dll
0x00007ffdc3a90000 - 0x00007ffdc3d21000 	C:\WINDOWS\WinSxS\amd64_microsoft.windows.common-controls_6595b64144ccf1df_6.0.26100.8972_none_3e0da176e32f9d4b\COMCTL32.dll
0x00007ffddc980000 - 0x00007ffddca29000 	C:\WINDOWS\System32\msvcrt.dll
0x00007ffddd4a0000 - 0x00007ffddd4d2000 	C:\WINDOWS\System32\IMM32.DLL
0x00007ffdc1440000 - 0x00007ffdc144c000 	C:\Program Files\Java\jdk-25\bin\vcruntime140_1.dll
0x00007ffd5b9f0000 - 0x00007ffd5ba7d000 	C:\Program Files\Java\jdk-25\bin\msvcp140.dll
0x00007ffd33690000 - 0x00007ffd344ef000 	C:\Program Files\Java\jdk-25\bin\server\jvm.dll
0x00007ffddd6b0000 - 0x00007ffddd76c000 	C:\WINDOWS\System32\ADVAPI32.dll
0x00007ffddb5e0000 - 0x00007ffddb68a000 	C:\WINDOWS\System32\sechost.dll
0x00007ffddbd50000 - 0x00007ffddbe68000 	C:\WINDOWS\System32\RPCRT4.dll
0x00007ffddb690000 - 0x00007ffddb712000 	C:\WINDOWS\System32\WS2_32.dll
0x00007ffdda830000 - 0x00007ffdda88e000 	C:\WINDOWS\SYSTEM32\POWRPROF.dll
0x00007ffdcf180000 - 0x00007ffdcf1b6000 	C:\WINDOWS\SYSTEM32\WINMM.dll
0x00007ffdce280000 - 0x00007ffdce28b000 	C:\WINDOWS\SYSTEM32\VERSION.dll
0x00007ffdda810000 - 0x00007ffdda825000 	C:\WINDOWS\SYSTEM32\UMPDC.dll
0x00007ffdd9680000 - 0x00007ffdd969b000 	C:\WINDOWS\SYSTEM32\kernel.appcore.dll
0x00007ffdb8210000 - 0x00007ffdb821a000 	C:\Program Files\Java\jdk-25\bin\jimage.dll
0x00007ffdcc070000 - 0x00007ffdcc2b2000 	C:\WINDOWS\SYSTEM32\DBGHELP.DLL
0x00007ffddcb00000 - 0x00007ffddce85000 	C:\WINDOWS\System32\combase.dll
0x00007ffddd4e0000 - 0x00007ffddd5b9000 	C:\WINDOWS\System32\OLEAUT32.dll
0x00007ffdc6a60000 - 0x00007ffdc6a9b000 	C:\WINDOWS\SYSTEM32\dbgcore.DLL
0x00007ffdda9d0000 - 0x00007ffddaa7c000 	C:\WINDOWS\System32\bcryptPrimitives.dll
0x00007ffdb4dd0000 - 0x00007ffdb4de0000 	C:\Program Files\Java\jdk-25\bin\instrument.dll
0x00007ffd91860000 - 0x00007ffd9187f000 	C:\Program Files\Java\jdk-25\bin\java.dll
0x00007ffddb720000 - 0x00007ffddb8b9000 	C:\WINDOWS\System32\ole32.dll
0x00007ffddc1e0000 - 0x00007ffddc968000 	C:\WINDOWS\System32\SHELL32.dll

JVMTI agents:
C:\Program Files\JetBrains\IntelliJ IDEA 2025.2.5\lib\idea_rt.jar path:none, loaded, not initialized, instrumentlib options:54173

dbghelp: loaded successfully - version: 4.0.5 - missing functions: none
symbol engine: initialized successfully - sym options: 0x614 - pdb path: .;C:\Program Files\Java\jdk-25\bin;C:\WINDOWS\SYSTEM32;C:\WINDOWS\WinSxS\amd64_microsoft.windows.common-controls_6595b64144ccf1df_6.0.26100.8972_none_3e0da176e32f9d4b;C:\Program Files\Java\jdk-25\bin\server

VM Arguments:
jvm_args: -javaagent:C:\Program Files\JetBrains\IntelliJ IDEA 2025.2.5\lib\idea_rt.jar=54173 -Dfile.encoding=UTF-8 -Dsun.stdout.encoding=UTF-8 -Dsun.stderr.encoding=UTF-8 
java_command: Main
java_class_path (initial): C:\Users\ARSEN\Downloads\demo (1)\sdp\out\production\sdp
Launcher Type: SUN_STANDARD

[Global flags]
     intx CICompilerCount                          = 4                                         {product} {ergonomic}
     uint ConcGCThreads                            = 2                                         {product} {ergonomic}
     uint G1ConcRefinementThreads                  = 8                                         {product} {ergonomic}
   size_t G1HeapRegionSize                         = 1048576                                   {product} {ergonomic}
   size_t InitialHeapSize                          = 98566144                                  {product} {ergonomic}
   size_t MarkStackSize                            = 4194304                                   {product} {ergonomic}
   size_t MarkStackSizeMax                         = 536870912                                 {product} {ergonomic}
   size_t MaxHeapSize                              = 1564475392                                {product} {ergonomic}
   size_t MinHeapDeltaBytes                        = 1048576                                   {product} {ergonomic}
   size_t MinHeapSize                              = 8388608                                   {product} {ergonomic}
    uintx NonNMethodCodeHeapSize                   = 5832704                                {pd product} {ergonomic}
    uintx NonProfiledCodeHeapSize                  = 122945536                              {pd product} {ergonomic}
    uintx ProfiledCodeHeapSize                     = 122880000                              {pd product} {ergonomic}
    uintx ReservedCodeCacheSize                    = 251658240                              {pd product} {ergonomic}
     bool SegmentedCodeCache                       = true                                      {product} {ergonomic}
   size_t SoftMaxHeapSize                          = 1564475392                             {manageable} {ergonomic}
     bool UseCompressedOops                        = true                           {product lp64_product} {ergonomic}
     bool UseG1GC                                  = true                                      {product} {ergonomic}
     bool UseLargePagesIndividualAllocation        = false                                  {pd product} {ergonomic}

Logging:
Log output configuration:
 #0: stdout all=warning uptime,level,tags foldmultilines=false
 #1: stderr all=off uptime,level,tags foldmultilines=false

Release file:
<release file has not been read>
Environment Variables:
PATH=C:\Program Files\Common Files\Oracle\Java\javapath;C:\Program Files (x86)\Common Files\Oracle\Java\javapath;C:\WINDOWS\system32;C:\WINDOWS;C:\WINDOWS\System32\Wbem;C:\WINDOWS\System32\WindowsPowerShell\v1.0\;C:\WINDOWS\System32\OpenSSH\;C:\Program Files (x86)\dotnet\;C:\Program Files\Git\cmd;C:\Program Files\Go\bin;C:\msys64\ucrt64\bin;C:\Users\ARSEN\AppData\Local\Programs\Microsoft VS Code\bin;C:\Users\ARSEN\AppData\Local\Microsoft\WindowsApps;C:\Users\ARSEN\AppData\Local\JetBrains\Toolbox\scripts;C:\Users\ARSEN\go\bin
USERNAME=ARSEN
OS=Windows_NT
PROCESSOR_IDENTIFIER=AMD64 Family 23 Model 160 Stepping 0, AuthenticAMD
TMP=C:\Users\ARSEN\AppData\Local\Temp
TEMP=C:\Users\ARSEN\AppData\Local\Temp




Compilation memory statistics disabled.

Periodic native trim disabled

---------------  S Y S T E M  ---------------

OS:
 Windows 11 , 64 bit Build 26100 (10.0.26100.9168)
OS uptime: 10 days 19:46 hours
Hyper-V role detected

CPU: total 8 (initial active 8) (8 cores per cpu, 2 threads per core) family 23 model 160 stepping 0 microcode 0x8a00006, cx8, cmov, fxsr, ht, mmx, 3dnowpref, sse, sse2, sse3, ssse3, sse4a, sse4.1, sse4.2, popcnt, lzcnt, tsc, tscinvbit, avx, avx2, aes, clmul, bmi1, bmi2, adx, sha, fma, vzeroupper, clflush, clflushopt, clwb, hv, rdtscp, rdpid, f16c
Processor Information for the first 8 processors :
  Max Mhz: 2801, Current Mhz: 2801, Mhz Limit: 2801

Memory: 4k page, system-wide physical 5965M (14M free)
TotalPageFile size 24370M (AvailPageFile size 44M)
current process WorkingSet (physical memory assigned to process): 6M, peak: 9M
current process commit charge ("private bytes"): 61M, peak: 154M

vm_info: Java HotSpot(TM) 64-Bit Server VM (25.0.1+8-LTS-27) for windows-amd64 JRE (25.0.1+8-LTS-27), built on 2025-09-25T16:41:16Z with unknown MS VC++:1943

END.
